Starting TTS test...
Testing with constructor(text, voice, options)...
Calling synthesize()...
Starting TTS test with Communicate...
Starting stream...
Test failed: Timeout waiting for TTS
Error: Timeout waiting for TTS
    at Timeout._onTimeout (file:///E:/Hackathons%20and%20Projects/Shining-Zenith-main/Shining-Zenith-main/server/test_tts.js:28:37)
    at listOnTimeout (node:internal/timers:605:17)
    at process.processTimers (node:internal/timers:541:7)
